../Src/main.c:76:6:Modbus_RxCallback	16	static
../Src/main.c:82:6:HAL_UART_ErrorCallback	16	static
../Src/main.c:91:6:Timer_PeriodElapsedCallback	16	static
../Src/main.c:100:6:Joystick_RxCallback	16	static
../Src/main.c:111:5:main	16	static
../Src/main.c:182:6:SystemClock_Config	88	static
../Src/main.c:229:13:MX_LPUART1_UART_Init	8	static
../Src/main.c:276:13:MX_USART3_UART_Init	8	static
../Src/main.c:324:13:MX_TIM3_Init	56	static
../Src/main.c:373:13:MX_TIM6_Init	24	static
../Src/main.c:411:13:MX_TIM8_Init	104	static
../Src/main.c:483:13:MX_TIM16_Init	8	static
../Src/main.c:515:13:MX_GPIO_Init	48	static
../Src/main.c:560:5:_write	24	static
../Src/main.c:571:6:Error_Handler	4	static,ignoring_inline_asm
